// Jest Snapshot v1, https://goo.gl/fbAQLP

exports[`SearchForm renders 1`] = `
<DocumentFragment>
  <div
    class="search-form"
  >
    <input
      type="text"
      value="Test Search Text"
    />
    <button
      type="submit"
    >
      Search
    </button>
  </div>
</DocumentFragment>
`;
